[backblue.gif]
[fade.gif]
[index.html]
[res.maka.im/css/makaElementEffect.v2.css]
[res.maka.im/css/animationOnAndOut.v1.css]
[res.maka.im/cdn/maka/statistic/statisticSDK.3c11.js]
[res.maka.im/cdn/maka/release/main.63fae8fb.css]
[res.maka.im/cdn/npm/@sentry/browser@5.1.0/build/bundle.min.js]
[img1.maka.im/capture/T_HGZZ744R_capture_174f9.jpg]
[img1.maka.im/capture/T_HGZZ744R_capture_274f9.jpg]
[img1.maka.im/capture/T_HGZZ744R_capture_374f9.jpg]
[img1.maka.im/capture/T_HGZZ744R_capture_474f9.jpg]
[img1.maka.im/capture/T_HGZZ744R_capture_574f9.jpg]
[img1.maka.im/capture/T_HGZZ744R_capture_674f9.jpg]
[img1.maka.im/capture/T_HGZZ744R_capture_774f9.jpg]
[img1.maka.im/capture/T_HGZZ744R_capture_874f9.jpg]
[res.maka.im/assets/sensordata/sensorsdata.min.js]
[retcode.alicdn.com/retcode/bl.js]
[img1.maka.im/user/10946451/images/dc132498a055ce11e8dded1b0d427afa882b.jpg]
[img1.maka.im/assets/viewer-loading-logo.png]
[res.maka.im/cdn/maka/release/vendors.63fae8fb.js]
[u10946451.viewer.maka.im/k/2R80E6JQW10946451.html]
[res.maka.im/css/makaElementEffect.v2.css]
[res.maka.im/css/animationOnAndOut.v1.css]
[img1.maka.im/assets/usual/tired_of_naming.png]
[hm.baidu.com/hmf128.js]
[res.maka.im/cdn/maka/release/icomoonf50b.ttf]
[res.maka.im/cdn/maka/release/main.63fae8fb.css]
[res.maka.im/cdn/maka/release/viewerVendors.63fae8fb.js]
[res.maka.im/cdn/maka/release/main.63fae8fb.js]
